// Jest Snapshot v1, https://goo.gl/fbAQLP

exports[`AlertBannerComponent should create and match snapshot 1`] = `
<md-alert-banner
  ng-reflect-closable="false"
  ng-reflect-type="info"
  type="info"
>
  <div
    class="md-alert-banner md-alert-banner--info"
    ng-reflect-ng-class="md-alert-banner,md-alert-banne"
  >
    <div
      class="md-alert-banner__text"
    >
       Alert Banner 
    </div>
    
  </div>
</md-alert-banner>
`;
