// Jest Snapshot v1, https://goo.gl/fbAQLP

exports[`ListItemSectionComponent should create and match snapshot 1`] = `
<md-list-item-section
  class=""
  isValidPosition={[Function Function]}
  position={[Function String]}
>

</md-list-item-section>
`;
