// Jest Snapshot v1, https://goo.gl/fbAQLP

exports[`FormComponent should create and match snapshot 1`] = `
<md-form>
  
</md-form>
`;
