// Jest Snapshot v1, https://goo.gl/fbAQLP

exports[`FormContentComponent should create and match snapshot 1`] = `
<md-form-content>
  
</md-form-content>
`;
