// Jest Snapshot v1, https://goo.gl/fbAQLP

exports[`LabelComponent should create and match snapshot 1`] = `
<md-label>
  <label
    ng-reflect-ng-class="[object Object]"
  >
    <span>
      
    </span>
  </label>
</md-label>
`;
