// Jest Snapshot v1, https://goo.gl/fbAQLP

exports[`LightboxService should match snapshot 1`] = `
<div
  class="cdk-overlay-container"
/>
`;
