// Jest Snapshot v1, https://goo.gl/fbAQLP

exports[`LoadingComponent should create and match snapshot 1`] = `
<cui-loading>
  <div
    class="cui-loading"
  >
    <span
      class="cui-loading__icon"
    />
    <span
      class="cui-loading__icon"
    />
    <span
      class="cui-loading__icon"
    />
  </div>
</cui-loading>
`;
