// Jest Snapshot v1, https://goo.gl/fbAQLP

exports[`ListSeparatorComponent should match snapshot 1`] = `
<md-list-separator>
  <span
    class="md-list-separator__container"
  >
    
    
  </span>
</md-list-separator>
`;
