// Jest Snapshot v1, https://goo.gl/fbAQLP

exports[`Popover Test should match snapshot 1`] = `
<div
  class="cdk-overlay-container"
>
  <div
    class="cdk-overlay-connected-position-bounding-box"
    dir="ltr"
    style="left: 0px; bottom: 0px; height: 0px; width: 0px; align-items: center; justify-content: flex-end;"
  >
    <div
      class="cdk-overlay-pane"
      id="cdk-overlay-0"
      style="pointer-events: auto; position: static; transform: translateY(-5px);"
    >
      <md-tooltip-container>
        <div
          class="md-event-overlay md-event-overlay--top md-popover md-event-overlay--arrow"
          ng-reflect-klass="md-event-overlay"
          ng-reflect-ng-class="[object Object]"
        >
          
          <div
            class="md-event-overlay__arrow"
          />
          <div
            class="md-event-overlay__children"
          >
            <md-tooltip
              ng-reflect-id="md-tooltip-0"
              ng-reflect-max-width="200"
              ng-reflect-text=""
              ng-reflect-tooltip-h-t-m-l=""
            >
              <div
                class="md-tooltip__wrapper"
                id="md-tooltip-0"
                style="max-width: 200px;"
              >
                
                
              </div>
            </md-tooltip>
          </div>
        </div>
      </md-tooltip-container>
    </div>
  </div>
</div>
`;
