// Jest Snapshot v1, https://goo.gl/fbAQLP

exports[`InputMessageComponent should create and match snapshot 1`] = `
<md-input-message
  id={[Function String]}
>
  
</md-input-message>
`;
