// Jest Snapshot v1, https://goo.gl/fbAQLP

exports[`SelectComponent should create and match snapshot 1`] = `
<select
  mySelectedItems=""
  select={[Function SelectComponent]}
  selectOptions={[Function QueryList]}
>
  <md-select
    class="md-input-group md-select custom-ng-class"
    defaultvalue="my default value"
    disabled="false"
    ng-reflect-default-value="my default value"
    ng-reflect-ng-class="custom-ng-class"
    ng-reflect-ng-model=""
  >
    <button
      active="false"
      aria-label="select button"
      cdkoverlayorigin=""
      class="md-button md-button--36"
      href=""
      id="md-select-1"
      md-button=""
      name="md-select-1"
      ng-reflect-ng-class=""
      ng-reflect-type="button"
      tabindex="0"
      type="button"
    >
      
      <span
        class="md-button__children"
        ng-reflect-ng-style="[object Object]"
        style="opacity: 1;"
      >
        <div
          class="md-select__label"
          id="md-select-1__label"
        >
           my default value 
          <md-icon
            class="md-icon icon icon-arrow-down_16"
            name="arrow-down_16"
            ng-reflect-name="arrow-down_16"
          >
            
          </md-icon>
        </div>
      </span>
    </button>
    
  </md-select>
</select>
`;
