// Jest Snapshot v1, https://goo.gl/fbAQLP

exports[`TopbarBrandComponent should create and match snapshot 1`] = `
<div
  icon={[Function String]}
>
  <div
    class="md-brand__logo"
    ng-reflect-klass="md-brand__logo"
    ng-reflect-ng-class=""
  >
    
    
    <i
      class="icon icon-cisco-logo"
      ng-reflect-ng-class="icon,icon-cisco-logo"
    />
  </div><div
    class="md-brand__title"
  >
    
  </div>
</div>
`;
