// Jest Snapshot v1, https://goo.gl/fbAQLP

exports[`TopbarRightComponent should create and match snapshot 1`] = `
<test-app>
  <cui-top-bar-right
    class="cui-top-bar__right"
  >
    <div
      class="testingforTbR"
    />
  </cui-top-bar-right>
</test-app>
`;
