// Jest Snapshot v1, https://goo.gl/fbAQLP

exports[`TopbarNavComponent should create and match snapshot 1`] = `
<test-app>
  <md-top-bar-nav
    class="md-top-bar__nav"
  >
    <md-list
      class="md-list md-list--horizontal"
      id="md-list-1"
      ng-reflect-tab-type="horizontal"
      role="list"
      tabtype="horizontal"
    >
      <div
        class="testingforTbN"
      />
    </md-list>
  </md-top-bar-nav>
</test-app>
`;
