// Jest Snapshot v1, https://goo.gl/fbAQLP

exports[`TopbarComponent should create and match snapshot 1`] = `
<header>
  <div
    class="cui-top-bar__container"
  >
    <div
      class="cui-top-bar__brand"
    />
  </div>
</header>
`;
