// Jest Snapshot v1, https://goo.gl/fbAQLP

exports[`SliderComponent should create and match snapshot 1`] = `
<test-app
  slider={[Function SliderComponent]}
>
  <md-slider
    class="md-slider"
    ng-reflect-max="100"
    ng-reflect-min="0"
  >
    <span
      class="md-slider__bar"
    />
    <span
      class="md-slider__selection"
      ng-reflect-ng-style="[object Object]"
    />
    
    <md-slider-pointer
      class="md-slider__pointer"
      ng-reflect-position="NaN"
      role="button"
      tabindex="0"
    />
    <div>
      
      <span
        class="md-slider__hashlabel"
      >
        0
      </span>
      <span
        class="md-slider__hashlabel"
      >
        100
      </span>
    </div>
  </md-slider>
</test-app>
`;
