// Jest Snapshot v1, https://goo.gl/fbAQLP

exports[`CallControlComponent should match snapshot 1`] = `
<test-app
  count="0"
  iconColor={[Function String]}
  iconSize={[Function Number]}
  type={[Function String]}
>
  <button
    active="false"
    aria-label="For the Win"
    class="md-button md-call-control md-button--dark-gray md-button--20 md-button--circle"
    href=""
    id="test-default"
    md-button=""
    ng-reflect-circle="true"
    ng-reflect-color="dark-gray"
    ng-reflect-disabled="false"
    ng-reflect-ng-class="md-call-control,"
    ng-reflect-size="20"
    tabindex="0"
    type="button"
  >
    
    <span
      class="md-button__children"
      ng-reflect-ng-style="[object Object]"
      style="opacity: 1;"
    >
      <md-icon
        class="md-icon icon icon-microphone-muted_20"
        ng-reflect-color="white-100"
        ng-reflect-name="microphone-muted_20"
        style="display: inline-flex; color: rgb(255, 255, 255);"
      >
        
      </md-icon>
    </span>
  </button><button
    active="false"
    aria-label="For the Win"
    class="md-button md-call-control md-button--red md-button--56 md-button--circle"
    href=""
    id="test-active"
    md-button=""
    ng-reflect-circle="true"
    ng-reflect-color="red"
    ng-reflect-disabled="false"
    ng-reflect-ng-class="md-call-control,"
    ng-reflect-size="56"
    tabindex="0"
    type="button"
  >
    
    <span
      class="md-button__children"
      ng-reflect-ng-style="[object Object]"
      style="opacity: 1;"
    >
      <md-icon
        class="md-icon icon icon-microphone-muted_24"
        ng-reflect-color="white-100"
        ng-reflect-name="microphone-muted_24"
        style="display: inline-flex; color: rgb(255, 255, 255);"
      >
        
      </md-icon>
    </span>
  </button><button
    active="false"
    aria-label="For the Win"
    class="md-button md-call-control md-button--dark-gray md-button--56 md-button--circle md-button--disabled"
    disabled="true"
    href=""
    id="test-disabled"
    md-button=""
    ng-reflect-circle="true"
    ng-reflect-color="dark-gray"
    ng-reflect-disabled="true"
    ng-reflect-ng-class="md-call-control,"
    ng-reflect-size="56"
    tabindex="0"
    type="button"
  >
    
    <span
      class="md-button__children"
      ng-reflect-ng-style="[object Object]"
      style="opacity: 1;"
    >
      <md-icon
        class="md-icon icon icon-microphone-muted_24"
        ng-reflect-color="white-100"
        ng-reflect-name="microphone-muted_24"
        style="display: inline-flex; color: rgb(255, 255, 255);"
      >
        
      </md-icon>
    </span>
  </button>
</test-app>
`;
