// Jest Snapshot v1, https://goo.gl/fbAQLP

exports[`ModalFooterComponent should create and match snapshot 1`] = `
<md-modal-footer
  class=""
>
  
</md-modal-footer>
`;
